// Jest Snapshot v1, https://goo.gl/fbAQLP

exports[`ImageModal component Should match snapshot 1`] = `ReactWrapper {}`;
