// Jest Snapshot v1, https://goo.gl/fbAQLP

exports[`Input component Should match snapshot 1`] = `ShallowWrapper {}`;
