// Jest Snapshot v1, https://goo.gl/fbAQLP

exports[`Menu component Should match snapshot 1`] = `ShallowWrapper {}`;
