// Jest Snapshot v1, https://goo.gl/fbAQLP

exports[`Title component Should match snapshot 1`] = `ShallowWrapper {}`;
